[INFO] [launch]: All log files can be found below /home/ros/.ros/log/2026-08-30-21-48-53-406035-leosole-Dell-G15-5530-42
[INFO] [launch]: Default logging verbosity is set to INFO
[INFO] [ign gazebo-1]: process started with pid [66]
[INFO] [robot_state_publisher-2]: process started with pid [68]
[INFO] [parameter_bridge-3]: process started with pid [71]
[INFO] [parameter_bridge-4]: process started with pid [73]
[INFO] [create-5]: process started with pid [75]
[INFO] [controller_server_node-6]: process started with pid [77]
[INFO] [legacy_vehicle_command_node-7]: process started with pid [79]
[INFO] [vehicle_command_comparison_node-8]: process started with pid [81]
[INFO] [canonical_command_dry_run_node-9]: process started with pid [83]
[INFO] [sim_imu_from_odom-10]: process started with pid [85]
[INFO] [imu_normalizer-11]: process started with pid [87]
[INFO] [imu_selector-12]: process started with pid [89]
[INFO] [ackermann_odometry-13]: process started with pid [91]
[INFO] [ekf_node-14]: process started with pid [93]
[INFO] [sim_gps_normalizer-15]: process started with pid [95]
[INFO] [global_stationary_gates-16]: process started with pid [97]
[INFO] [gps_course_heading-17]: process started with pid [99]
[INFO] [orientation_source_selector-18]: process started with pid [110]
[INFO] [map_gps_absolute_measurement-19]: process started with pid [115]
[INFO] [navsat_transform_node-20]: process started with pid [120]
[INFO] [ekf_node-21]: process started with pid [122]
[INFO] [capability_profile-22]: process started with pid [133]
[INFO] [cloud_normalizer-23]: process started with pid [136]
[INFO] [scan_ground_filter-24]: process started with pid [138]
[INFO] [pointcloud_to_laserscan_node-25]: process started with pid [144]
[INFO] [scan_noise_filter-26]: process started with pid [159]
[INFO] [scan_preview-27]: process started with pid [165]
[INFO] [collision_monitor-28]: process started with pid [176]
[INFO] [lifecycle_manager-29]: process started with pid [179]
[INFO] [nav_command_server-30]: process started with pid [182]
[INFO] [map_server-31]: process started with pid [187]
[INFO] [costmap_filter_info_server-32]: process started with pid [195]
[INFO] [lifecycle_manager-33]: process started with pid [201]
[INFO] [zones_manager-34]: process started with pid [204]
[INFO] [planner_server-35]: process started with pid [207]
[INFO] [controller_server-36]: process started with pid [209]
[INFO] [bt_navigator-37]: process started with pid [217]
[INFO] [behavior_server-38]: process started with pid [220]
[INFO] [nav_observer-39]: process started with pid [242]
[INFO] [path_health-40]: process started with pid [253]
[INFO] [navigation_profile_coordinator-41]: process started with pid [273]
[INFO] [lifecycle_manager-42]: process started with pid [276]
[INFO] [nav2_startup_coordinator-43]: process started with pid [280]
[INFO] [route_executor-44]: process started with pid [285]
[INFO] [patrol_mission_coordinator-45]: process started with pid [294]
[INFO] [nav_snapshot_server-46]: process started with pid [296]
[INFO] [web_bridge-47]: process started with pid [299]
[INFO] [camera_node-48]: process started with pid [303]
[robot_state_publisher-2] [INFO] [1788126533.835299726] [robot_state_publisher]: got segment base_footprint
[robot_state_publisher-2] [INFO] [1788126533.835770857] [robot_state_publisher]: got segment base_link
[robot_state_publisher-2] [INFO] [1788126533.835812796] [robot_state_publisher]: got segment front_left_steer_link
[robot_state_publisher-2] [INFO] [1788126533.835838082] [robot_state_publisher]: got segment front_left_wheel_link
[robot_state_publisher-2] [INFO] [1788126533.835858434] [robot_state_publisher]: got segment front_right_steer_link
[robot_state_publisher-2] [INFO] [1788126533.835877302] [robot_state_publisher]: got segment front_right_wheel_link
[robot_state_publisher-2] [INFO] [1788126533.835895025] [robot_state_publisher]: got segment gps_link
[robot_state_publisher-2] [INFO] [1788126533.835913154] [robot_state_publisher]: got segment imu_link
[robot_state_publisher-2] [INFO] [1788126533.835931575] [robot_state_publisher]: got segment imu_primary_link
[robot_state_publisher-2] [INFO] [1788126533.835950276] [robot_state_publisher]: got segment lidar_link
[robot_state_publisher-2] [INFO] [1788126533.835978714] [robot_state_publisher]: got segment rear_left_wheel_link
[robot_state_publisher-2] [INFO] [1788126533.836031043] [robot_state_publisher]: got segment rear_right_wheel_link
[parameter_bridge-4] [INFO] [1788126533.893674180] [joint_state_bridge]: Creating GZ->ROS Bridge: [/world/salus_empty/model/salus_ackermann/joint_state (gz.msgs.Model) -> /world/salus_empty/model/salus_ackermann/joint_state (sensor_msgs/msg/JointState)] (Lazy 0)
[create-5] [INFO] [1788126533.834899886] [spawn_salus_ackermann]: Requesting list of world names.
[costmap_filter_info_server-32] [INFO] [1788126533.885225993] [costmap_filter_info_server]: This is costmap filter info publisher
[costmap_filter_info_server-32] [INFO] [1788126533.932996458] [keepout_costmap_filter_info_server]: 
[costmap_filter_info_server-32] 	keepout_costmap_filter_info_server lifecycle node launched. 
[costmap_filter_info_server-32] 	Waiting on external lifecycle transitions to activate
[costmap_filter_info_server-32] 	See https://design.ros2.org/articles/node_lifecycle.html for more information.
[lifecycle_manager-42] [INFO] [1788126533.992584578] [lifecycle_manager_navigation]: Creating
[controller_server-36] [INFO] [1788126533.998258492] [controller_server]: 
[controller_server-36] 	controller_server lifecycle node launched. 
[controller_server-36] 	Waiting on external lifecycle transitions to activate
[controller_server-36] 	See https://design.ros2.org/articles/node_lifecycle.html for more information.
[lifecycle_manager-42] [INFO] [1788126534.008340008] [lifecycle_manager_navigation]: [34m[1mCreating and initializing lifecycle service clients[0m[0m
[controller_server-36] [INFO] [1788126534.010951966] [controller_server]: Creating controller server
[planner_server-35] [INFO] [1788126534.016113397] [planner_server]: 
[planner_server-35] 	planner_server lifecycle node launched. 
[planner_server-35] 	Waiting on external lifecycle transitions to activate
[planner_server-35] 	See https://design.ros2.org/articles/node_lifecycle.html for more information.
[planner_server-35] [INFO] [1788126534.017727326] [planner_server]: Creating
[lifecycle_manager-33] [INFO] [1788126534.042767085] [lifecycle_manager_keepout_filters]: Creating
[map_server-31] [INFO] [1788126534.045037503] [keepout_filter_mask_server]: 
[map_server-31] 	keepout_filter_mask_server lifecycle node launched. 
[map_server-31] 	Waiting on external lifecycle transitions to activate
[map_server-31] 	See https://design.ros2.org/articles/node_lifecycle.html for more information.
[map_server-31] [INFO] [1788126534.045192840] [keepout_filter_mask_server]: Creating
[lifecycle_manager-33] [INFO] [1788126534.045136795] [lifecycle_manager_keepout_filters]: [34m[1mCreating and initializing lifecycle service clients[0m[0m
[lifecycle_manager-33] [INFO] [1788126534.064917066] [lifecycle_manager_keepout_filters]: [34m[1mStarting managed nodes bringup...[0m[0m
[lifecycle_manager-33] [INFO] [1788126534.064995063] [lifecycle_manager_keepout_filters]: [34m[1mConfiguring keepout_filter_mask_server[0m[0m
[bt_navigator-37] [INFO] [1788126534.077197011] [bt_navigator]: 
[bt_navigator-37] 	bt_navigator lifecycle node launched. 
[bt_navigator-37] 	Waiting on external lifecycle transitions to activate
[bt_navigator-37] 	See https://design.ros2.org/articles/node_lifecycle.html for more information.
[bt_navigator-37] [INFO] [1788126534.077418077] [bt_navigator]: Creating
[collision_monitor-28] [INFO] [1788126534.128314310] [collision_monitor]: 
[collision_monitor-28] 	collision_monitor lifecycle node launched. 
[collision_monitor-28] 	Waiting on external lifecycle transitions to activate
[collision_monitor-28] 	See https://design.ros2.org/articles/node_lifecycle.html for more information.
[lifecycle_manager-29] [INFO] [1788126534.155877134] [lifecycle_manager_collision_monitor]: Creating
[behavior_server-38] [INFO] [1788126534.172781910] [behavior_server]: 
[behavior_server-38] 	behavior_server lifecycle node launched. 
[behavior_server-38] 	Waiting on external lifecycle transitions to activate
[behavior_server-38] 	See https://design.ros2.org/articles/node_lifecycle.html for more information.
[controller_server-36] [INFO] [1788126534.175314110] [local_costmap.local_costmap]: 
[controller_server-36] 	local_costmap lifecycle node launched. 
[controller_server-36] 	Waiting on external lifecycle transitions to activate
[controller_server-36] 	See https://design.ros2.org/articles/node_lifecycle.html for more information.
[planner_server-35] [INFO] [1788126534.180325424] [global_costmap.global_costmap]: 
[planner_server-35] 	global_costmap lifecycle node launched. 
[planner_server-35] 	Waiting on external lifecycle transitions to activate
[planner_server-35] 	See https://design.ros2.org/articles/node_lifecycle.html for more information.
[planner_server-35] [INFO] [1788126534.180948341] [global_costmap.global_costmap]: Creating Costmap
[controller_server-36] [INFO] [1788126534.181259157] [local_costmap.local_costmap]: Creating Costmap
[lifecycle_manager-29] [INFO] [1788126534.193953006] [lifecycle_manager_collision_monitor]: [34m[1mCreating and initializing lifecycle service clients[0m[0m
[lifecycle_manager-29] [INFO] [1788126534.233675146] [lifecycle_manager_collision_monitor]: [34m[1mStarting managed nodes bringup...[0m[0m
[lifecycle_manager-29] [INFO] [1788126534.233776104] [lifecycle_manager_collision_monitor]: [34m[1mConfiguring collision_monitor[0m[0m
[collision_monitor-28] [INFO] [1788126534.241070603] [collision_monitor]: Configuring
[map_server-31] [INFO] [1788126534.260517157] [keepout_filter_mask_server]: Configuring
[map_server-31] [INFO] [1788126534.260602446] [map_io]: Loading yaml file: /ros2_ws/install/salus_navigation/share/salus_navigation/config/keepout_empty.yaml
[map_server-31] [INFO] [1788126534.260820082] [map_io]: resolution: 0.1
[map_server-31] [INFO] [1788126534.260837387] [map_io]: origin[0]: -150
[map_server-31] [INFO] [1788126534.260840702] [map_io]: origin[1]: -150
[map_server-31] [INFO] [1788126534.260843577] [map_io]: origin[2]: 0
[map_server-31] [INFO] [1788126534.260846379] [map_io]: free_thresh: 0
[map_server-31] [INFO] [1788126534.260849845] [map_io]: occupied_thresh: 1
[map_server-31] [INFO] [1788126534.260853868] [map_io]: mode: scale
[map_server-31] [INFO] [1788126534.260858570] [map_io]: negate: 0
[map_server-31] [INFO] [1788126534.261032534] [map_io]: Loading image_file: /ros2_ws/install/salus_navigation/share/salus_navigation/config/keepout_empty.pgm
[map_server-31] [INFO] [1788126534.261168113] [map_io]: Read map /ros2_ws/install/salus_navigation/share/salus_navigation/config/keepout_empty.pgm: 1 X 1 map @ 0.1 m/cell
[collision_monitor-28] [INFO] [1788126534.286372758] [collision_monitor]: [footprint]: Creating Polygon
[lifecycle_manager-33] [INFO] [1788126534.295451981] [lifecycle_manager_keepout_filters]: [34m[1mConfiguring keepout_costmap_filter_info_server[0m[0m
[costmap_filter_info_server-32] [INFO] [1788126534.314972119] [keepout_costmap_filter_info_server]: Configuring
[lifecycle_manager-33] [INFO] [1788126534.350625407] [lifecycle_manager_keepout_filters]: [34m[1mActivating keepout_filter_mask_server[0m[0m
[map_server-31] [INFO] [1788126534.355261738] [keepout_filter_mask_server]: Activating
[map_server-31] [INFO] [1788126534.357510179] [keepout_filter_mask_server]: Creating bond (keepout_filter_mask_server) to lifecycle manager.
[collision_monitor-28] [INFO] [1788126534.380539730] [collision_monitor]: [stop_zone]: Creating Polygon
[collision_monitor-28] [INFO] [1788126534.401459060] [collision_monitor]: [critical_slow_zone]: Creating Polygon
[collision_monitor-28] [INFO] [1788126534.413041085] [collision_monitor]: [slow_zone]: Creating Polygon
[collision_monitor-28] [INFO] [1788126534.414902823] [collision_monitor]: [scan]: Creating Scan
[lifecycle_manager-29] [INFO] [1788126534.451965283] [lifecycle_manager_collision_monitor]: [34m[1mActivating collision_monitor[0m[0m
[collision_monitor-28] [INFO] [1788126534.452404678] [collision_monitor]: Activating
[collision_monitor-28] [INFO] [1788126534.452572148] [collision_monitor]: Creating bond (collision_monitor) to lifecycle manager.
[create-5] [INFO] [1788126534.462026527] [spawn_salus_ackermann]: Requested creation of entity.
[create-5] [INFO] [1788126534.462085213] [spawn_salus_ackermann]: OK creation of entity.
[lifecycle_manager-33] [INFO] [1788126534.630039580] [lifecycle_manager_keepout_filters]: Server keepout_filter_mask_server connected with bond.
[lifecycle_manager-33] [INFO] [1788126534.630128426] [lifecycle_manager_keepout_filters]: [34m[1mActivating keepout_costmap_filter_info_server[0m[0m
[costmap_filter_info_server-32] [INFO] [1788126534.630801068] [keepout_costmap_filter_info_server]: Activating
[costmap_filter_info_server-32] [INFO] [1788126534.630982694] [keepout_costmap_filter_info_server]: Creating bond (keepout_costmap_filter_info_server) to lifecycle manager.
[lifecycle_manager-29] [INFO] [1788126534.678008384] [lifecycle_manager_collision_monitor]: Server collision_monitor connected with bond.
[lifecycle_manager-29] [INFO] [1788126534.678078299] [lifecycle_manager_collision_monitor]: [34m[1mManaged nodes are active[0m[0m
[lifecycle_manager-29] [INFO] [1788126534.678103197] [lifecycle_manager_collision_monitor]: [34m[1mCreating bond timer...[0m[0m
[INFO] [create-5]: process has finished cleanly [pid 75]
[lifecycle_manager-33] [INFO] [1788126534.757852371] [lifecycle_manager_keepout_filters]: Server keepout_costmap_filter_info_server connected with bond.
[lifecycle_manager-33] [INFO] [1788126534.757940722] [lifecycle_manager_keepout_filters]: [34m[1mManaged nodes are active[0m[0m
[lifecycle_manager-33] [INFO] [1788126534.757967705] [lifecycle_manager_keepout_filters]: [34m[1mCreating bond timer...[0m[0m
[parameter_bridge-3] [INFO] [1788126534.883113120] [motion_bridge]: Creating ROS->GZ Bridge: [/cmd_vel_gazebo (geometry_msgs/msg/Twist) -> /cmd_vel_steer (gz.msgs.Twist)] (Lazy 0)
[parameter_bridge-3] [INFO] [1788126534.907009315] [motion_bridge]: Creating GZ->ROS Bridge: [/odom (gz.msgs.Odometry) -> /odom_raw (nav_msgs/msg/Odometry)] (Lazy 0)
[parameter_bridge-3] [INFO] [1788126534.942149263] [motion_bridge]: Creating GZ->ROS Bridge: [/world/salus_empty/clock (gz.msgs.Clock) -> /clock (rosgraph_msgs/msg/Clock)] (Lazy 0)
[parameter_bridge-3] [INFO] [1788126534.968856439] [motion_bridge]: Creating GZ->ROS Bridge: [/gps/fix_raw (gz.msgs.NavSat) -> /gps/fix_raw (sensor_msgs/msg/NavSatFix)] (Lazy 0)
[parameter_bridge-3] [INFO] [1788126534.973993320] [motion_bridge]: Creating GZ->ROS Bridge: [/lidar/points (gz.msgs.PointCloudPacked) -> /scan_3d_raw (sensor_msgs/msg/PointCloud2)] (Lazy 0)
[pointcloud_to_laserscan_node-25] [INFO] [1788126535.040695576] [pointcloud_to_laserscan]: Got a subscriber to laserscan, starting pointcloud subscriber
[controller_server_node-6] [INFO] [1788126535.043950971] [salus_controller]: controller serial port selected (reason=explicit, requested=/dev/null, resolved=/dev/null)
[controller_server_node-6] [INFO] [1788126535.140405003] [salus_controller]: controller_server ready (backend=sim_gazebo, serial=/dev/null@115200, input=legacy_cmd_vel, source=/cmd_vel_final)
[controller_server_node-6] [INFO] [1788126535.140785222] [salus_controller]: sim battery services ready (/sim_battery/set_preset, /sim_battery/set_state)
[nav_command_server-30] [INFO] [1788126535.606643089] [nav_command_server]: nav command server ready: safe/manual commands and LL single goals
[web_bridge-47] [INFO] [1788126535.696301924] [salus_web_gateway]: required Cockpit service get_camera_ptz_state discovered in 0.000s and completed startup round-trip in 0.002s
[web_bridge-47] [INFO] [1788126535.709798869] [salus_web_gateway]: Cockpit WebSocket listening on 0.0.0.0:18780
[ign gazebo-1] [1;33mWarning [Utils.cc:129][0m [/sdf/model[@name="salus_ackermann"]/link[@name="base_footprint"]/sensor[@name="lidar_3d_sensor"]/lidar/noise[@type="gaussian"]:/tmp/salus_ackermann_a7q197b0.urdf:L0]: XML Attribute[type] in element[noise] not defined in SDF.
[ign gazebo-1] MESA: error: Failed to query drm device.
[ign gazebo-1] libGL error: glx: failed to create dri3 screen
[ign gazebo-1] libGL error: failed to load driver: iris
[ign gazebo-1] libGL error: failed to open /dev/dri/card1: No such file or directory
[ign gazebo-1] libGL error: failed to load driver: iris
[parameter_bridge-3] [INFO] [1788126536.667371981] [motion_bridge]: Passing message from ROS geometry_msgs/msg/Twist to Gazebo gz.msgs.Twist (showing msg only once per type)
[navsat_transform_node-20] [INFO] [1788126536.705737899] [navsat_transform]: Datum (latitude, longitude, altitude) is (-31.49, -64.24, 0.00)
[navsat_transform_node-20] [INFO] [1788126536.705913720] [navsat_transform]: Datum UTM coordinate is (20J, 382121.84, 6515889.94)
[navsat_transform_node-20] [INFO] [1788126536.706023576] [navsat_transform]: Corrected for magnetic declination of 0, user-specified offset of 0 and meridian convergence of 0.0113143. Transform heading factor is now 0.0113143
[lifecycle_manager-42] [INFO] [1788126537.450496180] [lifecycle_manager_navigation]: [34m[1mStarting managed nodes bringup...[0m[0m
[lifecycle_manager-42] [INFO] [1788126537.454283502] [lifecycle_manager_navigation]: [34m[1mConfiguring planner_server[0m[0m
[planner_server-35] [INFO] [1788126537.455806106] [planner_server]: Configuring
[planner_server-35] [INFO] [1788126537.455945451] [global_costmap.global_costmap]: Configuring
[planner_server-35] [INFO] [1788126537.480985810] [global_costmap.global_costmap]: Using plugin "obstacle_layer"
[planner_server-35] [INFO] [1788126537.484260011] [global_costmap.global_costmap]: Subscribed to Topics: scan
[planner_server-35] [INFO] [1788126537.490735758] [global_costmap.global_costmap]: Initialized plugin "obstacle_layer"
[planner_server-35] [INFO] [1788126537.490802453] [global_costmap.global_costmap]: Using plugin "inflation_layer"
[planner_server-35] [INFO] [1788126537.491493239] [global_costmap.global_costmap]: Initialized plugin "inflation_layer"
[planner_server-35] [INFO] [1788126537.491523137] [global_costmap.global_costmap]: Using costmap filter "keepout_filter"
[planner_server-35] [INFO] [1788126537.495913938] [global_costmap.global_costmap]: Initialized costmap filter "keepout_filter"
[planner_server-35] [INFO] [1788126537.514201005] [planner_server]: Created global planner plugin GridBased of type nav2_smac_planner/SmacPlannerHybrid
[planner_server-35] [INFO] [1788126537.514261143] [planner_server]: Configuring GridBased of type SmacPlannerHybrid
[planner_server-35] [INFO] [1788126537.516955684] [planner_server]: Even sized heuristic lookup table size set 80.000000, increasing size by 1 to make odd
[planner_server-35] [INFO] [1788126537.594939597] [planner_server]: Configured plugin GridBased of type SmacPlannerHybrid with maximum iterations 3000000, max on approach iterations 1000, and allowing unknown traversal. Tolerance 0.50.Using motion model: Dubin.
[planner_server-35] [INFO] [1788126537.594979950] [planner_server]: Planner Server has GridBased  planners available.
[lifecycle_manager-42] [INFO] [1788126537.613762801] [lifecycle_manager_navigation]: [34m[1mConfiguring controller_server[0m[0m
[controller_server-36] [INFO] [1788126537.614137175] [controller_server]: Configuring controller interface
[controller_server-36] [INFO] [1788126537.614683967] [controller_server]: getting goal checker plugins..
[controller_server-36] [INFO] [1788126537.615101003] [controller_server]: Controller frequency set to 20.0000Hz
[controller_server-36] [INFO] [1788126537.615154284] [local_costmap.local_costmap]: Configuring
[controller_server-36] [INFO] [1788126537.625553130] [local_costmap.local_costmap]: Using plugin "obstacle_layer"
[controller_server-36] [INFO] [1788126537.628018218] [local_costmap.local_costmap]: Subscribed to Topics: scan
[controller_server-36] [INFO] [1788126537.631871567] [local_costmap.local_costmap]: Initialized plugin "obstacle_layer"
[controller_server-36] [INFO] [1788126537.631954805] [local_costmap.local_costmap]: Using plugin "inflation_layer"
[controller_server-36] [INFO] [1788126537.633502819] [local_costmap.local_costmap]: Initialized plugin "inflation_layer"
[controller_server-36] [INFO] [1788126537.633556480] [local_costmap.local_costmap]: Using costmap filter "keepout_filter"
[controller_server-36] [INFO] [1788126537.638731319] [local_costmap.local_costmap]: Initialized costmap filter "keepout_filter"
[controller_server-36] [INFO] [1788126537.662030335] [controller_server]: Created progress_checker : progress_checker of type nav2_controller::SimpleProgressChecker
[controller_server-36] [INFO] [1788126537.662942785] [controller_server]: Created goal checker : general_goal_checker of type nav2_controller::PositionGoalChecker
[controller_server-36] [INFO] [1788126537.663570186] [controller_server]: Controller Server has general_goal_checker  goal checkers available.
[controller_server-36] [INFO] [1788126537.664133687] [controller_server]: Created controller : FollowPath of type nav2_regulated_pure_pursuit_controller::RegulatedPurePursuitController
[controller_server-36] [INFO] [1788126537.672774230] [controller_server]: Controller Server has FollowPath  controllers available.
[lifecycle_manager-42] [INFO] [1788126537.688658058] [lifecycle_manager_navigation]: [34m[1mConfiguring bt_navigator[0m[0m
[bt_navigator-37] [INFO] [1788126537.688993472] [bt_navigator]: Configuring
[lifecycle_manager-42] [INFO] [1788126537.785580118] [lifecycle_manager_navigation]: [34m[1mConfiguring behavior_server[0m[0m
[behavior_server-38] [INFO] [1788126537.786451309] [behavior_server]: Configuring
[behavior_server-38] [INFO] [1788126537.804846190] [behavior_server]: Creating behavior plugin wait of type nav2_behaviors/Wait
[behavior_server-38] [INFO] [1788126537.805386888] [behavior_server]: Configuring wait
[lifecycle_manager-42] [INFO] [1788126537.817431921] [lifecycle_manager_navigation]: [34m[1mActivating planner_server[0m[0m
[planner_server-35] [INFO] [1788126537.817640648] [planner_server]: Activating
[planner_server-35] [INFO] [1788126537.817708733] [global_costmap.global_costmap]: Activating
[planner_server-35] [INFO] [1788126537.817745398] [global_costmap.global_costmap]: Checking transform
[planner_server-35] [INFO] [1788126537.817906860] [global_costmap.global_costmap]: start
[planner_server-35] [INFO] [1788126537.819778008] [global_costmap.global_costmap]: KeepoutFilter: Subscribing to "/costmap_filter_info" topic for filter info...
[planner_server-35] [INFO] [1788126537.831130551] [global_costmap.global_costmap]: KeepoutFilter: Received filter info from /costmap_filter_info topic.
[planner_server-35] [INFO] [1788126537.831212147] [global_costmap.global_costmap]: KeepoutFilter: Subscribing to "/keepout_filter_mask" topic for filter mask...
[planner_server-35] [INFO] [1788126537.842373700] [global_costmap.global_costmap]: KeepoutFilter: Received filter mask from /keepout_filter_mask topic.
[planner_server-35] [INFO] [1788126538.171787629] [planner_server]: Activating plugin GridBased of type SmacPlannerHybrid
[planner_server-35] [INFO] [1788126538.175528908] [planner_server]: Creating bond (planner_server) to lifecycle manager.
[lifecycle_manager-42] [INFO] [1788126538.288280365] [lifecycle_manager_navigation]: Server planner_server connected with bond.
[lifecycle_manager-42] [INFO] [1788126538.288552495] [lifecycle_manager_navigation]: [34m[1mActivating controller_server[0m[0m
[controller_server-36] [INFO] [1788126538.289296676] [controller_server]: Activating
[controller_server-36] [INFO] [1788126538.289431896] [local_costmap.local_costmap]: Activating
[controller_server-36] [INFO] [1788126538.289504032] [local_costmap.local_costmap]: Checking transform
[controller_server-36] [INFO] [1788126538.289732312] [local_costmap.local_costmap]: start
[controller_server-36] [INFO] [1788126538.293756060] [local_costmap.local_costmap]: KeepoutFilter: Subscribing to "/costmap_filter_info" topic for filter info...
[controller_server-36] [INFO] [1788126538.306809019] [local_costmap.local_costmap]: KeepoutFilter: Received filter info from /costmap_filter_info topic.
[controller_server-36] [INFO] [1788126538.306896932] [local_costmap.local_costmap]: KeepoutFilter: Subscribing to "/keepout_filter_mask" topic for filter mask...
[controller_server-36] [INFO] [1788126538.319886405] [local_costmap.local_costmap]: KeepoutFilter: Received filter mask from /keepout_filter_mask topic.
[controller_server-36] [INFO] [1788126538.497236138] [controller_server]: Activating controller: FollowPath of type regulated_pure_pursuit_controller::RegulatedPurePursuitController
[controller_server-36] [INFO] [1788126538.497324327] [controller_server]: Creating bond (controller_server) to lifecycle manager.
[lifecycle_manager-42] [INFO] [1788126538.608063745] [lifecycle_manager_navigation]: Server controller_server connected with bond.
[lifecycle_manager-42] [INFO] [1788126538.608199570] [lifecycle_manager_navigation]: [34m[1mActivating bt_navigator[0m[0m
[bt_navigator-37] [INFO] [1788126538.608618483] [bt_navigator]: Activating
[bt_navigator-37] [INFO] [1788126538.697395957] [bt_navigator]: Creating bond (bt_navigator) to lifecycle manager.
[lifecycle_manager-42] [INFO] [1788126538.803152435] [lifecycle_manager_navigation]: Server bt_navigator connected with bond.
[lifecycle_manager-42] [INFO] [1788126538.803257783] [lifecycle_manager_navigation]: [34m[1mActivating behavior_server[0m[0m
[behavior_server-38] [INFO] [1788126538.803565133] [behavior_server]: Activating
[behavior_server-38] [INFO] [1788126538.803608152] [behavior_server]: Activating wait
[behavior_server-38] [INFO] [1788126538.803635711] [behavior_server]: Creating bond (behavior_server) to lifecycle manager.
[lifecycle_manager-42] [INFO] [1788126538.915224575] [lifecycle_manager_navigation]: Server behavior_server connected with bond.
[lifecycle_manager-42] [INFO] [1788126538.915403235] [lifecycle_manager_navigation]: [34m[1mManaged nodes are active[0m[0m
[lifecycle_manager-42] [INFO] [1788126538.915480707] [lifecycle_manager_navigation]: [34m[1mCreating bond timer...[0m[0m
[map_server-31] [INFO] [1788126540.215692984] [keepout_filter_mask_server]: Handling LoadMap request
[map_server-31] [INFO] [1788126540.215752194] [map_io]: Loading yaml file: /tmp/salus-smoke-runtime/20260830T214852-58514-10204/profile/zones/keepout_mask.yaml
[map_server-31] [INFO] [1788126540.215872488] [map_io]: resolution: 0.1
[map_server-31] [INFO] [1788126540.215876663] [map_io]: origin[0]: -150
[map_server-31] [INFO] [1788126540.215878692] [map_io]: origin[1]: -150
[map_server-31] [INFO] [1788126540.215880622] [map_io]: origin[2]: 0
[map_server-31] [INFO] [1788126540.215882358] [map_io]: free_thresh: 0
[map_server-31] [INFO] [1788126540.215884647] [map_io]: occupied_thresh: 1
[map_server-31] [INFO] [1788126540.215886489] [map_io]: mode: scale
[map_server-31] [INFO] [1788126540.215888781] [map_io]: negate: 0
[map_server-31] [INFO] [1788126540.215897424] [map_io]: Loading image_file: /tmp/salus-smoke-runtime/20260830T214852-58514-10204/profile/zones/keepout_mask.pgm
[map_server-31] [INFO] [1788126540.835441206] [map_io]: Read map /tmp/salus-smoke-runtime/20260830T214852-58514-10204/profile/zones/keepout_mask.pgm: 3000 X 3000 map @ 0.1 m/cell
[controller_server-36] [WARN] [1788126540.882813294] [local_costmap.local_costmap]: KeepoutFilter: New filter mask arrived from /keepout_filter_mask topic. Updating old filter mask.
[planner_server-35] [WARN] [1788126540.885201267] [global_costmap.global_costmap]: KeepoutFilter: New filter mask arrived from /keepout_filter_mask topic. Updating old filter mask.
[planner_server-35] [INFO] [1788126540.912818537] [global_costmap.global_costmap]: Received request to clear entirely the global_costmap
[planner_server-35] [INFO] [1788126540.917138688] [global_costmap.global_costmap]: KeepoutFilter: Subscribing to "/costmap_filter_info" topic for filter info...
[planner_server-35] [INFO] [1788126540.928525638] [global_costmap.global_costmap]: KeepoutFilter: Received filter info from /costmap_filter_info topic.
[planner_server-35] [INFO] [1788126540.928607524] [global_costmap.global_costmap]: KeepoutFilter: Subscribing to "/keepout_filter_mask" topic for filter mask...
[controller_server_node-6] [INFO] [1788126540.946960138] [salus_controller]: cmd_vel_final rx linear_x=0.000 angular_z=0.000 brake_pct=100 source=2 -> drive=1 estop=1 speed_mps=0.000 steer_pct=0 steer_deg=0.00 curvature=0.000 brake_pct=100
[planner_server-35] [WARN] [1788126540.970639323] [global_costmap.global_costmap]: KeepoutFilter: New filter mask arrived from /keepout_filter_mask topic. Updating old filter mask.
[controller_server_node-6] [INFO] [1788126540.993795311] [salus_controller]: cmd_vel_final rx linear_x=0.000 angular_z=0.000 brake_pct=100 source=3 -> drive=1 estop=1 speed_mps=0.000 steer_pct=0 steer_deg=0.00 curvature=0.000 brake_pct=100
[controller_server_node-6] [INFO] [1788126541.000243356] [salus_controller]: cmd_vel_final rx linear_x=0.000 angular_z=0.000 brake_pct=100 source=3 -> drive=1 estop=1 speed_mps=0.000 steer_pct=0 steer_deg=0.00 curvature=0.000 brake_pct=100
